नमस्ते कैसे हो आप आज कैसे हैं? (Namaste kaise ho aap aaj kaise hain?)

Alternatively, you can use this more casual translation:

नमस्ते कैसे हो? (Namaste kaise ho?)

This is a common way to greet someone in Hindi, and it roughly translates to "Hello, how are you?"